   Compiling proc-macro2 v1.0.107
   Compiling quote v1.0.47
   Compiling unicode-ident v1.0.24
    Checking cfg-if v1.0.4
    Checking typenum v1.20.1
   Compiling shlex v2.0.1
   Compiling find-msvc-tools v0.1.9
   Compiling version_check v0.9.5
   Compiling autocfg v1.5.1
   Compiling thiserror v2.0.19
    Checking zeroize v1.9.0
   Compiling generic-array v0.14.7
   Compiling cc v1.4.0
   Compiling num-traits v0.2.19
   Compiling cfg_aliases v0.2.2
   Compiling time-core v0.1.9
    Checking windows-link v0.2.1
    Checking rand_core v0.10.1
    Checking once_cell v1.21.4
   Compiling num-conv v0.2.2
    Checking memchr v2.8.3
    Checking minimal-lexical v0.2.1
   Compiling time-macros v0.2.32
    Checking windows-sys v0.61.2
    Checking getrandom v0.2.17
   Compiling syn v3.0.3
   Compiling syn v2.0.119
    Checking nom v7.1.3
    Checking powerfmt v0.2.0
    Checking untrusted v0.9.0
    Checking cpufeatures v0.3.0
   Compiling semver v1.0.28
    Checking deranged v0.5.8
   Compiling ring v0.17.14
    Checking subtle v2.6.1
    Checking pin-project-lite v0.2.17
   Compiling getrandom v0.4.3
   Compiling rustc_version v0.4.1
    Checking block-buffer v0.10.4
    Checking crypto-common v0.1.7
    Checking time v0.3.54
    Checking tracing-core v0.1.36
    Checking rusticata-macros v4.1.0
    Checking hybrid-array v0.4.14
    Checking rustls-pki-types v1.15.1
   Compiling rustls v0.23.43
   Compiling libc v0.2.189
    Checking tracing v0.1.44
    Checking socket2 v0.6.5
    Checking digest v0.10.7
   Compiling curve25519-dalek v4.1.3
    Checking chacha20 v0.10.1
    Checking num-integer v0.1.46
   Compiling quinn-udp v0.5.15
    Checking tinyvec_macros v0.1.1
   Compiling oid-registry v0.8.1
    Checking cpufeatures v0.2.17
    Checking bytes v1.12.1
    Checking num-bigint v0.4.8
    Checking rand v0.10.2
    Checking tinyvec v1.12.0
   Compiling synstructure v0.13.2
    Checking block-buffer v0.12.1
    Checking crypto-common v0.2.2
    Checking mio v1.2.2
    Checking rand_pcg v0.10.2
   Compiling quinn v0.11.11
    Checking rustc-hash v2.1.3
    Checking signature v2.2.0
    Checking lru-slab v0.1.2
    Checking slab v0.4.12
    Checking const-oid v0.10.2
    Checking ed25519 v2.2.3
    Checking sha2 v0.10.9
    Checking data-encoding v2.11.0
    Checking lazy_static v1.5.0
    Checking digest v0.11.3
   Compiling thiserror-impl v2.0.19
   Compiling displaydoc v0.2.7
   Compiling tokio-macros v2.7.2
    Checking sha2 v0.11.0
    Checking rustls-webpki v0.103.13
   Compiling asn1-rs-derive v0.6.0
   Compiling asn1-rs-impl v0.2.0
   Compiling curve25519-dalek-derive v0.1.1
    Checking tokio v1.53.1
    Checking asn1-rs v0.7.2
    Checking ed25519-dalek v2.2.0
    Checking der-parser v10.0.0
    Checking x509-parser v0.18.1
    Checking quinn-proto v0.11.16
    Checking nbsr-transport v0.1.0 (C:\Users\bajra\OneDrive\Documents\NBSR\crates\nbsr-transport)
    Finished `dev` profile [unoptimized + debuginfo] target(s) in 35.20s
