    Updating crates.io index
 Downloading crates ...
  Downloaded cfg_aliases v0.2.2
  Downloaded cpufeatures v0.2.17
  Downloaded block-buffer v0.10.4
  Downloaded curve25519-dalek-derive v0.1.1
  Downloaded generic-array v0.14.7
  Downloaded autocfg v1.5.1
  Downloaded block-buffer v0.12.1
  Downloaded cpufeatures v0.3.0
  Downloaded lazy_static v1.5.0
  Downloaded powerfmt v0.2.0
  Downloaded subtle v2.6.1
  Downloaded tokio-macros v2.7.2
  Downloaded untrusted v0.9.0
  Downloaded rustc-hash v2.1.3
  Downloaded num-conv v0.2.2
  Downloaded data-encoding v2.11.0
  Downloaded digest v0.10.7
  Downloaded asn1-rs-derive v0.6.0
  Downloaded rand_pcg v0.10.2
  Downloaded signature v2.2.0
  Downloaded tinyvec_macros v0.1.1
  Downloaded rustc_version v0.4.1
  Downloaded rusticata-macros v4.1.0
  Downloaded asn1-rs-impl v0.2.0
  Downloaded cfg-if v1.0.4
  Downloaded time-core v0.1.9
  Downloaded crypto-common v0.1.7
  Downloaded version_check v0.9.5
  Downloaded ed25519 v2.2.3
  Downloaded base64ct v1.8.3
  Downloaded find-msvc-tools v0.1.9
  Downloaded crypto-common v0.2.2
  Downloaded digest v0.11.3
  Downloaded quote v1.0.47
  Downloaded shlex v2.0.1
  Downloaded deranged v0.5.8
  Downloaded slab v0.4.12
  Downloaded synstructure v0.13.2
  Downloaded zeroize v1.9.0
  Downloaded rand_core v0.6.4
  Downloaded sha2 v0.10.9
  Downloaded spki v0.7.3
  Downloaded pin-project-lite v0.2.17
  Downloaded oid-registry v0.8.1
  Downloaded thiserror v2.0.19
  Downloaded quinn-udp v0.5.15
  Downloaded rand_core v0.10.1
  Downloaded num-integer v0.1.46
  Downloaded pkcs8 v0.10.2
  Downloaded thiserror-impl v2.0.19
  Downloaded getrandom v0.2.17
  Downloaded chacha20 v0.10.1
  Downloaded const-oid v0.9.6
  Downloaded hybrid-array v0.4.14
  Downloaded lru-slab v0.1.2
  Downloaded once_cell v1.21.4
  Downloaded displaydoc v0.2.7
  Downloaded getrandom v0.4.3
  Downloaded semver v1.0.28
  Downloaded time-macros v0.2.32
  Downloaded num-traits v0.2.19
  Downloaded serde_derive v1.0.229
  Downloaded const-oid v0.10.2
  Downloaded rustls-pki-types v1.15.1
  Downloaded proc-macro2 v1.0.107
  Downloaded tinyvec v1.12.0
  Downloaded bytes v1.12.1
  Downloaded tracing-core v0.1.36
  Downloaded sha2 v0.11.0
  Downloaded cc v1.4.0
  Downloaded asn1-rs v0.7.2
  Downloaded serde_core v1.0.229
  Downloaded der-parser v10.0.0
  Downloaded unicode-ident v1.0.24
  Downloaded socket2 v0.6.5
  Downloaded der v0.7.10
  Downloaded minimal-lexical v0.2.1
  Downloaded ed25519-dalek v2.2.0
  Downloaded quinn v0.11.11
  Downloaded memchr v2.8.3
  Downloaded mio v1.2.2
  Downloaded serde v1.0.229
  Downloaded nom v7.1.3
  Downloaded rustls-webpki v0.103.13
  Downloaded num-bigint v0.4.8
  Downloaded x509-parser v0.18.1
  Downloaded rand v0.10.2
  Downloaded typenum v1.20.1
  Downloaded quinn-proto v0.11.16
  Downloaded time v0.3.54
  Downloaded curve25519-dalek v4.1.3
  Downloaded syn v3.0.3
  Downloaded syn v2.0.119
  Downloaded rustls v0.23.43
  Downloaded tracing v0.1.44
  Downloaded libc v0.2.189
  Downloaded tokio v1.53.1
  Downloaded ring v0.17.14
   Compiling proc-macro2 v1.0.107
   Compiling unicode-ident v1.0.24
   Compiling quote v1.0.47
   Compiling libc v0.2.189
   Compiling cfg-if v1.0.4
   Compiling typenum v1.20.1
   Compiling syn v3.0.3
   Compiling syn v2.0.119
   Compiling find-msvc-tools v0.1.9
   Compiling autocfg v1.5.1
   Compiling shlex v2.0.1
   Compiling version_check v0.9.5
   Compiling generic-array v0.14.7
   Compiling cc v1.4.0
   Compiling num-traits v0.2.19
   Compiling thiserror v2.0.19
   Compiling thiserror-impl v2.0.19
   Compiling ring v0.17.14
   Compiling zeroize v1.9.0
   Compiling minimal-lexical v0.2.1
   Compiling memchr v2.8.3
   Compiling once_cell v1.21.4
   Compiling rand_core v0.10.1
   Compiling cfg_aliases v0.2.2
   Compiling time-core v0.1.9
   Compiling num-conv v0.2.2
   Compiling time-macros v0.2.32
   Compiling nom v7.1.3
   Compiling synstructure v0.13.2
   Compiling getrandom v0.2.17
   Compiling deranged v0.5.8
   Compiling cpufeatures v0.3.0
   Compiling subtle v2.6.1
   Compiling untrusted v0.9.0
   Compiling semver v1.0.28
   Compiling pin-project-lite v0.2.17
   Compiling getrandom v0.4.3
   Compiling powerfmt v0.2.0
   Compiling time v0.3.54
   Compiling rustc_version v0.4.1
   Compiling asn1-rs-derive v0.6.0
   Compiling rusticata-macros v4.1.0
   Compiling tracing-core v0.1.36
   Compiling block-buffer v0.10.4
   Compiling crypto-common v0.1.7
   Compiling rustls-pki-types v1.15.1
   Compiling asn1-rs-impl v0.2.0
   Compiling displaydoc v0.2.7
   Compiling hybrid-array v0.4.14
   Compiling rustls v0.23.43
   Compiling asn1-rs v0.7.2
   Compiling rustls-webpki v0.103.13
   Compiling digest v0.10.7
   Compiling tracing v0.1.44
   Compiling curve25519-dalek v4.1.3
   Compiling chacha20 v0.10.1
   Compiling quinn-udp v0.5.15
   Compiling num-integer v0.1.46
   Compiling socket2 v0.6.5
   Compiling oid-registry v0.8.1
   Compiling cpufeatures v0.2.17
   Compiling bytes v1.12.1
   Compiling tinyvec_macros v0.1.1
   Compiling tinyvec v1.12.0
   Compiling num-bigint v0.4.8
   Compiling rand v0.10.2
   Compiling crypto-common v0.2.2
   Compiling block-buffer v0.12.1
   Compiling quinn v0.11.11
   Compiling rand_pcg v0.10.2
   Compiling curve25519-dalek-derive v0.1.1
   Compiling tokio-macros v2.7.2
   Compiling mio v1.2.2
   Compiling signature v2.2.0
   Compiling const-oid v0.10.2
   Compiling rustc-hash v2.1.3
   Compiling slab v0.4.12
   Compiling lru-slab v0.1.2
   Compiling quinn-proto v0.11.16
   Compiling digest v0.11.3
   Compiling ed25519 v2.2.3
   Compiling tokio v1.53.1
   Compiling der-parser v10.0.0
   Compiling sha2 v0.10.9
   Compiling lazy_static v1.5.0
   Compiling data-encoding v2.11.0
   Compiling x509-parser v0.18.1
   Compiling ed25519-dalek v2.2.0
   Compiling sha2 v0.11.0
   Compiling nbsr-transport v0.1.0 (/work/crates/nbsr-transport)
    Finished `release` profile [optimized] target(s) in 1m 33s
