rustc 1.97.1 (8bab26f4f 2026-07-14)
binary: rustc
commit-hash: 8bab26f4f68e0e26f0bb7960be334d5b520ea452
commit-date: 2026-07-14
host: x86_64-unknown-linux-gnu
release: 1.97.1
LLVM version: 22.1.6
cargo 1.97.1 (c980f4866 2026-06-30)
   Compiling nbsr-transport v0.1.0 (/work/crates/nbsr-transport)
    Finished `release` profile [optimized] target(s) in 16.02s
     Running unittests src/bin/perf_rust_source.rs (/target/release/deps/perf_rust_source-7c94e9b39cf9546f)

running 20 tests
test b3_support::event_monitor::gate::tests::malformed_or_nonlocal_names_require_full_scan ... ok
test b3_support::event_monitor::gate::tests::overflow_and_watch_loss_require_full_scan ... ok
test b3_support::event_monitor::gate::tests::selects_only_published_names_and_coalesces_duplicates ... ok
test b3_support::event_monitor::tests::only_changed_paths_are_statted_and_cancellation_is_still_removed ... ok
test b3_support::event_monitor::tests::cancelled_requests_are_removed_on_next_scan ... ok
test b3_support::marker_monitor::tests::cancelled_requests_are_removed_on_next_scan ... ok
test b3_support::marker_monitor::tests::existing_file_wins_even_with_zero_timeout_but_directory_does_not ... ok
test b3_support::marker_monitor::tests::shutdown_closes_pending_and_future_waits_without_success ... ok
test b3_support::paced_event_probe::event_monitor_cpu_comparison ... ignored, offline paced comparison; no QUIC attribution
test b3_support::tests::active_marker_waits_for_explicit_release ... ok
test b3_support::tests::lifecycle_wait_allows_sibling_task_to_publish_start ... ok
test b3_support::event_monitor::tests::shutdown_closes_pending_and_future_waits_without_success ... ok
test b3_support::marker_monitor::tests::scoped_release_publishes_active_and_still_requires_its_release ... ok
test b3_support::event_monitor::gate::tests::native_create_and_rename_are_named ... ok
test b3_support::event_monitor::gate::tests::root_replacement_requires_permanent_full_scan ... ok
test b3_support::event_monitor::tests::existing_file_wins_even_with_zero_timeout_but_directory_does_not ... ok
test b3_support::tests::missing_release_fails_closed ... ok
test b3_support::marker_monitor::tests::published_marker_releases_only_its_waiter ... ok
test b3_support::tests::missing_start_fails_closed ... ok
test b3_support::event_monitor::tests::published_marker_releases_only_its_waiter ... ok

test result: ok. 19 passed; 0 failed; 1 ignored; 0 measured; 84 filtered out; finished in 0.06s

# The following is the parsable format, which can be fed to other
# programs. Each different item in every column has an unique ID
# starting usually from zero.
# CPU,Core,Socket,Online
0,0,0,Y
1,0,0,Y
2,1,0,Y
3,1,0,Y
4,2,0,Y
5,2,0,Y
6,3,0,Y
7,3,0,Y
    Finished `release` profile [optimized] target(s) in 0.07s
     Running unittests src/bin/perf_rust_source.rs (/target/release/deps/perf_rust_source-7c94e9b39cf9546f)

running 1 test
test b3_support::paced_event_probe::event_monitor_cpu_comparison ... PACED_CPU mode=monitor count=2048 completed=2048 offered_per_second=100 repeat=1 cpu_ticks=215 hz=100 elapsed_ns=20476630358 wake_p50_ns=6266933 wake_p95_ns=12623872 wake_p99_ns=13541628 publish_lateness_p99_ns=1855846
PACED_CPU mode=event count=2048 completed=2048 offered_per_second=100 repeat=1 cpu_ticks=59 hz=100 elapsed_ns=20478425425 wake_p50_ns=4779129 wake_p95_ns=10113596 wake_p99_ns=11335178 publish_lateness_p99_ns=1687726
PACED_CPU mode=event count=2048 completed=2048 offered_per_second=100 repeat=2 cpu_ticks=61 hz=100 elapsed_ns=20476003900 wake_p50_ns=4620812 wake_p95_ns=10460650 wake_p99_ns=10812466 publish_lateness_p99_ns=2146873
PACED_CPU mode=monitor count=2048 completed=2048 offered_per_second=100 repeat=2 cpu_ticks=215 hz=100 elapsed_ns=20472249907 wake_p50_ns=6169134 wake_p95_ns=12598488 wake_p99_ns=13602958 publish_lateness_p99_ns=1573308
PACED_CPU mode=monitor count=2048 completed=2048 offered_per_second=100 repeat=3 cpu_ticks=217 hz=100 elapsed_ns=20474033460 wake_p50_ns=6384228 wake_p95_ns=12525933 wake_p99_ns=13669515 publish_lateness_p99_ns=2412049
PACED_CPU mode=event count=2048 completed=2048 offered_per_second=100 repeat=3 cpu_ticks=61 hz=100 elapsed_ns=20476100418 wake_p50_ns=4600711 wake_p95_ns=10388208 wake_p99_ns=10829434 publish_lateness_p99_ns=2161828
PACED_CPU mode=event count=2048 completed=2048 offered_per_second=100 repeat=4 cpu_ticks=61 hz=100 elapsed_ns=20476236022 wake_p50_ns=4726122 wake_p95_ns=10477791 wake_p99_ns=10928445 publish_lateness_p99_ns=1579105
PACED_CPU mode=monitor count=2048 completed=2048 offered_per_second=100 repeat=4 cpu_ticks=214 hz=100 elapsed_ns=20473578197 wake_p50_ns=6337658 wake_p95_ns=12592610 wake_p99_ns=13633569 publish_lateness_p99_ns=1581912
PACED_CPU mode=monitor count=2048 completed=2048 offered_per_second=100 repeat=5 cpu_ticks=215 hz=100 elapsed_ns=20477969617 wake_p50_ns=6287306 wake_p95_ns=12583512 wake_p99_ns=13715220 publish_lateness_p99_ns=2234932
PACED_CPU mode=event count=2048 completed=2048 offered_per_second=100 repeat=5 cpu_ticks=62 hz=100 elapsed_ns=20472881288 wake_p50_ns=4612211 wake_p95_ns=10396701 wake_p99_ns=10921053 publish_lateness_p99_ns=2067161
ok

test result: ok. 1 passed; 0 failed; 0 ignored; 0 measured; 103 filtered out; finished in 205.61s

