
thread 'main' (33844) panicked at src\bin\perf_rust_source.rs:480:26:
called `Result::unwrap()` on an `Err` value: ControlStreamFailed
note: run with `RUST_BACKTRACE=1` environment variable to display a backtrace

thread 'main' (33844) panicked at src\bin\perf_rust_source.rs:480:26:
called `Result::unwrap()` on an `Err` value: ControlStreamFailed

thread 'main' (33844) panicked at src\bin\perf_rust_source.rs:494:90:
called `Result::unwrap()` on an `Err` value: ApplicationStreamRejected

thread 'main' (33844) panicked at src\bin\perf_rust_source.rs:596:59:
called `Result::unwrap()` on an `Err` value: JoinError::Panic(Id(1111), "called `Result::unwrap()` on an `Err` value: ApplicationStreamRejected", ...)

thread 'main' (33844) panicked at src\bin\perf_rust_source.rs:494:90:
called `Result::unwrap()` on an `Err` value: ApplicationStreamRejected

thread 'main' (33844) panicked at src\bin\perf_rust_source.rs:596:59:
called `Result::unwrap()` on an `Err` value: JoinError::Panic(Id(1112), "called `Result::unwrap()` on an `Err` value: ApplicationStreamRejected", ...)

thread 'main' (33844) panicked at src\bin\perf_rust_source.rs:494:90:
called `Result::unwrap()` on an `Err` value: ApplicationStreamRejected

thread 'main' (33844) panicked at src\bin\perf_rust_source.rs:494:90:
called `Result::unwrap()` on an `Err` value: ApplicationStreamRejected

thread 'main' (33844) panicked at src\bin\perf_rust_source.rs:596:59:
called `Result::unwrap()` on an `Err` value: JoinError::Panic(Id(1113), "called `Result::unwrap()` on an `Err` value: ApplicationStreamRejected", ...)

thread 'main' (33844) panicked at src\bin\perf_rust_source.rs:596:59:
called `Result::unwrap()` on an `Err` value: JoinError::Panic(Id(1114), "called `Result::unwrap()` on an `Err` value: ApplicationStreamRejected", ...)

thread 'main' (33844) panicked at src\bin\perf_rust_source.rs:494:90:
called `Result::unwrap()` on an `Err` value: ApplicationStreamRejected

thread 'main' (33844) panicked at src\bin\perf_rust_source.rs:596:59:
called `Result::unwrap()` on an `Err` value: JoinError::Panic(Id(1115), "called `Result::unwrap()` on an `Err` value: ApplicationStreamRejected", ...)

thread 'main' (33844) panicked at src\bin\perf_rust_source.rs:494:90:
called `Result::unwrap()` on an `Err` value: ApplicationStreamRejected

thread 'main' (33844) panicked at src\bin\perf_rust_source.rs:596:59:
called `Result::unwrap()` on an `Err` value: JoinError::Panic(Id(1116), "called `Result::unwrap()` on an `Err` value: ApplicationStreamRejected", ...)

thread 'main' (33844) panicked at src\bin\perf_rust_source.rs:480:26:
called `Result::unwrap()` on an `Err` value: ControlStreamFailed

thread 'main' (33844) panicked at src\bin\perf_rust_source.rs:480:26:
called `Result::unwrap()` on an `Err` value: ControlStreamFailed

thread 'main' (33844) panicked at src\bin\perf_rust_source.rs:458:18:
called `Result::unwrap()` on an `Err` value: ControlStreamFailed

thread 'main' (33844) panicked at src\bin\perf_rust_source.rs:480:26:
called `Result::unwrap()` on an `Err` value: ControlStreamFailed

thread 'main' (33844) panicked at src\bin\perf_rust_source.rs:480:26:
called `Result::unwrap()` on an `Err` value: ControlStreamFailed

thread 'main' (33844) panicked at src\bin\perf_rust_source.rs:480:26:
called `Result::unwrap()` on an `Err` value: ControlStreamFailed

thread 'main' (33844) panicked at src\bin\perf_rust_source.rs:480:26:
called `Result::unwrap()` on an `Err` value: ControlStreamFailed

thread 'main' (33844) panicked at src\bin\perf_rust_source.rs:480:26:
called `Result::unwrap()` on an `Err` value: ControlStreamFailed

thread 'main' (33844) panicked at src\bin\perf_rust_source.rs:423:14:
called `Result::unwrap()` on an `Err` value: ControlStreamFailed

thread 'main' (33844) panicked at src\bin\perf_rust_source.rs:423:14:
called `Result::unwrap()` on an `Err` value: ControlStreamFailed

thread 'main' (33844) panicked at src\bin\perf_rust_source.rs:423:14:
called `Result::unwrap()` on an `Err` value: ControlStreamFailed

thread 'main' (33844) panicked at src\bin\perf_rust_source.rs:423:14:
called `Result::unwrap()` on an `Err` value: ControlStreamFailed

thread 'main' (33844) panicked at src\bin\perf_rust_source.rs:423:14:
called `Result::unwrap()` on an `Err` value: ControlStreamFailed

thread 'main' (33844) panicked at src\bin\perf_rust_source.rs:423:14:
called `Result::unwrap()` on an `Err` value: ControlStreamFailed

thread 'main' (33844) panicked at src\bin\perf_rust_source.rs:423:14:
called `Result::unwrap()` on an `Err` value: ControlStreamFailed

thread 'main' (33844) panicked at src\bin\perf_rust_source.rs:423:14:
called `Result::unwrap()` on an `Err` value: ControlStreamFailed

thread 'main' (33844) panicked at src\bin\perf_rust_source.rs:423:14:
called `Result::unwrap()` on an `Err` value: ControlStreamFailed

thread 'main' (33844) panicked at src\bin\perf_rust_source.rs:423:14:
called `Result::unwrap()` on an `Err` value: ControlStreamFailed

thread 'main' (33844) panicked at src\bin\perf_rust_source.rs:458:18:
called `Result::unwrap()` on an `Err` value: ControlStreamFailed

thread 'main' (33844) panicked at src\bin\perf_rust_source.rs:494:90:
called `Result::unwrap()` on an `Err` value: ApplicationStreamRejected

thread 'main' (33844) panicked at src\bin\perf_rust_source.rs:596:59:
called `Result::unwrap()` on an `Err` value: JoinError::Panic(Id(1110), "called `Result::unwrap()` on an `Err` value: ApplicationStreamRejected", ...)

thread 'main' (33844) panicked at src\bin\perf_rust_source.rs:494:90:
called `Result::unwrap()` on an `Err` value: ApplicationStreamRejected

thread 'main' (33844) panicked at src\bin\perf_rust_source.rs:596:59:
called `Result::unwrap()` on an `Err` value: JoinError::Panic(Id(1109), "called `Result::unwrap()` on an `Err` value: ApplicationStreamRejected", ...)

thread 'main' (33844) panicked at src\bin\perf_rust_source.rs:494:90:
called `Result::unwrap()` on an `Err` value: ApplicationStreamRejected

thread 'main' (33844) panicked at src\bin\perf_rust_source.rs:596:59:
called `Result::unwrap()` on an `Err` value: JoinError::Panic(Id(1108), "called `Result::unwrap()` on an `Err` value: ApplicationStreamRejected", ...)

thread 'main' (33844) panicked at src\bin\perf_rust_source.rs:458:18:
called `Result::unwrap()` on an `Err` value: ControlStreamFailed

thread 'main' (33844) panicked at src\bin\perf_rust_source.rs:458:18:
called `Result::unwrap()` on an `Err` value: ControlStreamFailed

thread 'main' (33844) panicked at src\bin\perf_rust_source.rs:423:14:
called `Result::unwrap()` on an `Err` value: ControlStreamFailed

thread 'main' (33844) panicked at src\bin\perf_rust_source.rs:423:14:
called `Result::unwrap()` on an `Err` value: ControlStreamFailed

thread 'main' (33844) panicked at src\bin\perf_rust_source.rs:423:14:
called `Result::unwrap()` on an `Err` value: ControlStreamFailed
