
   Compiling nbsr-transport v0.1.0 (/work/crates/nbsr-transport)
running 2 tests
test b5_driver::allocation_contract_tests::progress_percentiles_do_not_allocate_another_latency_buffer ... ok
test b5_driver::allocation_contract_tests::repeated_publication_reuses_prepared_latency_storage ... ok

test result: ok. 2 passed; 0 failed; 0 ignored; 0 measured; 4 filtered out; finished in 0.00s


running 50 tests
test b5_driver::allocation_contract_tests::progress_percentiles_do_not_allocate_another_latency_buffer ... ok
test b5_support::coordinator_contract_tests::all_groups_drain_and_final_publication_precede_postflight_permission ... ok
test b5_support::coordinator_contract_tests::coherent_global_samples_and_counts_use_actual_contiguous_snapshot_bounds ... ok
test b5_support::coordinator_contract_tests::collector_overflow_and_publication_failure_never_allow_postflight ... ok
test b5_support::coordinator_contract_tests::completion_without_an_issued_request_latches_failure ... ok
    Finished `release` profile [optimized] target(s) in 7.18s
     Running unittests src/bin/perf_direct_peer.rs (target/release/deps/perf_direct_peer-1fd724f7230b0da2)
     Running unittests src/bin/perf_rust_source.rs (target/release/deps/perf_rust_source-7c94e9b39cf9546f)
test b5_support::coordinator_contract_tests::dropped_group_guard_fails_readiness_and_drain_predicates ... ok
test b5_support::coordinator_contract_tests::duplicate_pending_reservation_and_early_guard_finish_fail_closed ... ok
test b5_support::coordinator_contract_tests::empty_budget_reads_outstanding_then_waits_without_exiting ... ok
test b5_support::coordinator_contract_tests::last_ready_sets_one_shared_origin_and_absolute_deadline ... ok
test b5_support::coordinator_contract_tests::reservation_write_and_completion_are_distinct_commits ... ok
test b5_support::coordinator_contract_tests::guard_finish_after_publication_preserves_success_and_regressed_clock_fails ... ok
test b5_support::coordinator_contract_tests::skipped_windows_expire_without_catchup_and_final_window_is_clipped ... ok
test b5_support::coordinator_contract_tests::final_snapshot_cannot_bypass_slow_group ... ok
test b5_support::driver_contract_tests::absent_new_flags_preserves_default_and_exact_decimal_duration_parses ... ok
test b5_support::driver_contract_tests::bounds_nonfinite_fractional_rate_and_budget_overflow_fail_closed ... ok
test b5_support::driver_contract_tests::isolated_ten_ms_timer_diagnostic ... ignored, isolated timer diagnostic; not a benchmark acceptance test
test b5_support::driver_contract_tests::missing_duplicate_and_mixed_modes_are_rejected_but_warm_is_allowed ... ok
test b5_support::coordinator_contract_tests::snapshot_preserves_sampling_lateness_and_actual_outstanding_peak ... ok
test b5_support::coordinator_contract_tests::status_exposes_drain_and_snapshot_seal_separately ... ok
test b5_support::driver_contract_tests::capacity_covers_two_intervals_edge_and_outstanding ... ok
test b5_support::driver_contract_tests::paced_cooldown_cannot_be_silently_accepted ... ok
test b5_support::paced_contract_tests::coherent_collector_samples_global_ordinals_and_exact_group_counts ... ok
test b5_driver::allocation_contract_tests::repeated_publication_reuses_prepared_latency_storage ... ok
test b5_support::paced_contract_tests::collector_rejects_invalid_identity_and_capacity ... ok
test b5_support::paced_contract_tests::collector_stall_has_hard_cap_and_latched_overflow_invalidity ... ok
test b5_support::driver_contract_tests::publisher_thread_propagates_failure_before_readiness_without_output ... ok
test b5_support::paced_contract_tests::expiration_never_carries_unused_slots_into_a_later_window ... ok
test b5_support::paced_contract_tests::invalid_rates_groups_times_and_unrepresentable_budget_fail_closed ... ok
test b5_support::paced_contract_tests::partial_last_window_is_clipped_and_deadline_expires_unused_budget ... ok
test b5_support::paced_contract_tests::invalid_replacement_buffer_latches_failure_without_erasing_samples ... ok
test b5_support::paced_contract_tests::rational_group_budgets_sum_to_exact_cumulative_target ... ok
test b5_support::paced_contract_tests::reservation_accounts_lateness_without_changing_the_budget ... ok
test b5_support::paced_contract_tests::stream_partitions_balance_cumulative_stream_and_group_offered_work ... ok
test b5_support::runtime_contract_tests::explicit_failure_wait_cannot_succeed_on_readiness ... ok
test b5_support::runtime_contract_tests::final_sink_success_is_required_before_postflight_wakes ... ok
test b5_support::runtime_contract_tests::guard_drop_wakes_ready_and_postflight_waiters_with_failure ... ok
test b5_support::runtime_contract_tests::forwarding_methods_keep_exact_counts_and_notify_on_failure ... ok
test b5_support::runtime_contract_tests::instant_clock_is_monotonic_and_uses_one_epoch ... ok
test b5_support::runtime_contract_tests::notify_registers_before_readiness_and_late_waiter_sees_stored_predicate ... ok
test b5_support::runtime_contract_tests::sink_error_latches_failure_and_releases_postflight_waiter ... ok
test b5_support::tests::final_latency_sample_retains_only_the_bounded_tail ... ok
test b5_support::runtime_contract_tests::sink_panic_invalidates_even_after_final_snapshot_sealed ... ok
test b5_support::tests::progress_window_is_explicit_when_no_latency_sample_exists ... ok
test b5_support::tests::progress_window_preserves_exact_count_and_sampled_percentiles ... ok
test b5_support::tests::soak_telemetry_samples_boundedly_and_resets_each_window ... ok
test b5_support::driver_contract_tests::ownership_output_failure_cannot_ack_final ... ok
test b5_support::driver_contract_tests::publisher_final_matches_progress_and_only_follows_all_drains ... ok
test b5_support::driver_contract_tests::sink_flush_failure_and_stream_guard_release_waiters ... ok
test b5_support::paced_contract_tests::collector_storage_is_resident_before_sampling ... ok
test b5_support::driver_contract_tests::ownership_observer_starts_after_all_ready_and_runs_independently_of_progress ... ok

test result: ok. 49 passed; 0 failed; 1 ignored; 0 measured; 38 filtered out; finished in 1.01s

