    Checking cfg-if v1.0.4
    Checking libc v0.2.189
    Checking typenum v1.20.1
    Checking zeroize v1.9.0
    Checking thiserror v2.0.19
    Checking num-traits v0.2.19
    Checking generic-array v0.14.7
    Checking once_cell v1.21.4
    Checking minimal-lexical v0.2.1
    Checking memchr v2.8.3
    Checking rand_core v0.10.1
    Checking getrandom v0.2.17
    Checking powerfmt v0.2.0
    Checking time-core v0.1.9
    Checking nom v7.1.3
    Checking untrusted v0.9.0
    Checking num-conv v0.2.2
    Checking deranged v0.5.8
    Checking pin-project-lite v0.2.17
    Checking subtle v2.6.1
    Checking cpufeatures v0.3.0
    Checking rusticata-macros v4.1.0
    Checking time v0.3.54
    Checking ring v0.17.14
    Checking tracing-core v0.1.36
    Checking block-buffer v0.10.4
    Checking crypto-common v0.1.7
    Checking rustls-pki-types v1.15.1
    Checking hybrid-array v0.4.14
    Checking rustls-webpki v0.103.13
    Checking asn1-rs v0.7.2
    Checking digest v0.10.7
    Checking tracing v0.1.44
    Checking getrandom v0.4.3
    Checking chacha20 v0.10.1
    Checking num-integer v0.1.46
    Checking socket2 v0.6.5
    Checking cpufeatures v0.2.17
    Checking bytes v1.12.1
    Checking tinyvec_macros v0.1.1
    Checking tinyvec v1.12.0
    Checking num-bigint v0.4.8
    Checking rand v0.10.2
    Checking rustls v0.23.43
    Checking crypto-common v0.2.2
    Checking block-buffer v0.12.1
    Checking rand_pcg v0.10.2
    Checking mio v1.2.2
    Checking lru-slab v0.1.2
    Checking rustc-hash v2.1.3
    Checking signature v2.2.0
    Checking const-oid v0.10.2
    Checking slab v0.4.12
    Checking digest v0.11.3
    Checking ed25519 v2.2.3
    Checking tokio v1.53.1
    Checking quinn-proto v0.11.16
    Checking curve25519-dalek v4.1.3
    Checking der-parser v10.0.0
    Checking quinn-udp v0.5.15
    Checking oid-registry v0.8.1
    Checking sha2 v0.10.9
    Checking lazy_static v1.5.0
    Checking data-encoding v2.11.0
    Checking ed25519-dalek v2.2.0
    Checking x509-parser v0.18.1
    Checking quinn v0.11.11
    Checking sha2 v0.11.0
    Checking nbsr-transport v0.1.0 (/work/crates/nbsr-transport)
    Finished `release` profile [optimized] target(s) in 15.98s
