rustc 1.97.1 (8bab26f4f 2026-07-14)
binary: rustc
commit-hash: 8bab26f4f68e0e26f0bb7960be334d5b520ea452
commit-date: 2026-07-14
host: x86_64-unknown-linux-gnu
release: 1.97.1
LLVM version: 22.1.6
cargo 1.97.1 (c980f4866 2026-06-30)
   Compiling nbsr-transport v0.1.0 (/work/crates/nbsr-transport)
    Finished `release` profile [optimized] target(s) in 17.39s
     Running unittests src/bin/perf_rust_source.rs (/target/release/deps/perf_rust_source-7c94e9b39cf9546f)

running 16 tests
test b3_support::event_monitor::tests::cancelled_requests_are_removed_on_next_scan ... ok
test b3_support::marker_monitor::tests::cancelled_requests_are_removed_on_next_scan ... ok
test b3_support::event_monitor::gate::tests::idle_directory_does_not_request_full_scan_and_creation_does ... ok
test b3_support::event_monitor::tests::shutdown_closes_pending_and_future_waits_without_success ... ok
test b3_support::monitor_cpu_probe::event_monitor_cpu_comparison ... ignored, offline CPU comparison; no QUIC attribution
test b3_support::event_monitor::gate::tests::replaced_root_falls_back_to_scanning ... ok
test b3_support::marker_monitor::tests::existing_file_wins_even_with_zero_timeout_but_directory_does_not ... ok
test b3_support::marker_monitor::tests::shutdown_closes_pending_and_future_waits_without_success ... ok
test b3_support::tests::active_marker_waits_for_explicit_release ... ok
test b3_support::tests::lifecycle_wait_allows_sibling_task_to_publish_start ... ok
test b3_support::event_monitor::tests::existing_file_wins_even_with_zero_timeout_but_directory_does_not ... ok
test b3_support::marker_monitor::tests::scoped_release_publishes_active_and_still_requires_its_release ... ok
test b3_support::tests::missing_release_fails_closed ... ok
test b3_support::tests::missing_start_fails_closed ... ok
test b3_support::marker_monitor::tests::published_marker_releases_only_its_waiter ... ok
test b3_support::event_monitor::tests::published_marker_releases_only_its_waiter ... ok

test result: ok. 15 passed; 0 failed; 1 ignored; 0 measured; 84 filtered out; finished in 0.05s

# The following is the parsable format, which can be fed to other
# programs. Each different item in every column has an unique ID
# starting usually from zero.
# CPU,Core,Socket,Online
0,0,0,Y
1,0,0,Y
2,1,0,Y
3,1,0,Y
4,2,0,Y
5,2,0,Y
6,3,0,Y
7,3,0,Y
    Finished `release` profile [optimized] target(s) in 0.11s
     Running unittests src/bin/perf_rust_source.rs (/target/release/deps/perf_rust_source-7c94e9b39cf9546f)

running 1 test
test b3_support::monitor_cpu_probe::event_monitor_cpu_comparison ... MONITOR_CPU mode=monitor count=2048 unrelated=0 repeat=1 cpu_ticks=62 hz=100 elapsed_ns=4001449558
MONITOR_CPU mode=event count=2048 unrelated=0 repeat=1 cpu_ticks=4 hz=100 elapsed_ns=4001616246
MONITOR_CPU mode=pending count=2048 unrelated=0 repeat=1 cpu_ticks=0 hz=100 elapsed_ns=4001678308
MONITOR_CPU mode=pending count=2048 unrelated=0 repeat=2 cpu_ticks=0 hz=100 elapsed_ns=4000884960
MONITOR_CPU mode=event count=2048 unrelated=0 repeat=2 cpu_ticks=4 hz=100 elapsed_ns=4001813572
MONITOR_CPU mode=monitor count=2048 unrelated=0 repeat=2 cpu_ticks=62 hz=100 elapsed_ns=4002324033
MONITOR_CPU mode=monitor count=2048 unrelated=0 repeat=3 cpu_ticks=61 hz=100 elapsed_ns=4001466291
MONITOR_CPU mode=event count=2048 unrelated=0 repeat=3 cpu_ticks=3 hz=100 elapsed_ns=4001545965
MONITOR_CPU mode=pending count=2048 unrelated=0 repeat=3 cpu_ticks=0 hz=100 elapsed_ns=4001990196
MONITOR_CPU mode=pending count=2048 unrelated=0 repeat=4 cpu_ticks=0 hz=100 elapsed_ns=4001826113
MONITOR_CPU mode=event count=2048 unrelated=0 repeat=4 cpu_ticks=3 hz=100 elapsed_ns=4002418894
MONITOR_CPU mode=monitor count=2048 unrelated=0 repeat=4 cpu_ticks=62 hz=100 elapsed_ns=4001705390
MONITOR_CPU mode=monitor count=2048 unrelated=0 repeat=5 cpu_ticks=63 hz=100 elapsed_ns=4001222174
MONITOR_CPU mode=event count=2048 unrelated=0 repeat=5 cpu_ticks=3 hz=100 elapsed_ns=4001477767
MONITOR_CPU mode=pending count=2048 unrelated=0 repeat=5 cpu_ticks=0 hz=100 elapsed_ns=4001385596
MONITOR_CPU mode=monitor count=2048 unrelated=8192 repeat=1 cpu_ticks=63 hz=100 elapsed_ns=4002011242
MONITOR_CPU mode=event count=2048 unrelated=8192 repeat=1 cpu_ticks=4 hz=100 elapsed_ns=4001242546
MONITOR_CPU mode=pending count=2048 unrelated=8192 repeat=1 cpu_ticks=0 hz=100 elapsed_ns=4000620177
MONITOR_CPU mode=pending count=2048 unrelated=8192 repeat=2 cpu_ticks=0 hz=100 elapsed_ns=4001001040
MONITOR_CPU mode=event count=2048 unrelated=8192 repeat=2 cpu_ticks=3 hz=100 elapsed_ns=4002181352
MONITOR_CPU mode=monitor count=2048 unrelated=8192 repeat=2 cpu_ticks=62 hz=100 elapsed_ns=4001412806
MONITOR_CPU mode=monitor count=2048 unrelated=8192 repeat=3 cpu_ticks=62 hz=100 elapsed_ns=4000191172
MONITOR_CPU mode=event count=2048 unrelated=8192 repeat=3 cpu_ticks=4 hz=100 elapsed_ns=4001338985
MONITOR_CPU mode=pending count=2048 unrelated=8192 repeat=3 cpu_ticks=0 hz=100 elapsed_ns=4001626963
MONITOR_CPU mode=pending count=2048 unrelated=8192 repeat=4 cpu_ticks=0 hz=100 elapsed_ns=4002298201
MONITOR_CPU mode=event count=2048 unrelated=8192 repeat=4 cpu_ticks=3 hz=100 elapsed_ns=4000972587
MONITOR_CPU mode=monitor count=2048 unrelated=8192 repeat=4 cpu_ticks=63 hz=100 elapsed_ns=4000862940
MONITOR_CPU mode=monitor count=2048 unrelated=8192 repeat=5 cpu_ticks=63 hz=100 elapsed_ns=4000739986
MONITOR_CPU mode=event count=2048 unrelated=8192 repeat=5 cpu_ticks=4 hz=100 elapsed_ns=4001308619
MONITOR_CPU mode=pending count=2048 unrelated=8192 repeat=5 cpu_ticks=0 hz=100 elapsed_ns=4001680795
ok

test result: ok. 1 passed; 0 failed; 0 ignored; 0 measured; 99 filtered out; finished in 121.70s

