.FFF                                                                     [100%]
================================== FAILURES ===================================
____ test_recipe_never_relabels_or_overwrites_build_evidence[head-changed] ____

tmp_path = WindowsPath('C:/Users/bajra/AppData/Local/Temp/pytest-of-bajra/pytest-1088/test_recipe_never_relabels_or_1')
monkeypatch = <_pytest.monkeypatch.MonkeyPatch object at 0x0000025D35FE10F0>
fault = 'head-changed'

    @pytest.mark.parametrize('fault', [None, 'head-changed', 'dirty', 'existing-manifest'])
    def test_recipe_never_relabels_or_overwrites_build_evidence(tmp_path, monkeypatch, fault):
        root, target = tmp_path / 'evidence', tmp_path / 'target'
        (root / 'raw').mkdir(parents=True)
        (target / 'release').mkdir(parents=True)
        (root / 'raw/source-sha.txt').write_text(SHA + '\n')
        for name in ('rustc', 'cargo'):
            (root / 'raw' / (name + '.txt')).write_text('synthetic toolchain')
        for name in ('perf_direct_peer', 'perf_rust_source', 'wp8_interop_server'):
            (target / 'release' / name).write_bytes(name.encode())
        manifest = root / 'build-manifest.json'
        if fault == 'existing-manifest':
            manifest.write_text('retained original')
        monkeypatch.setenv('NBSR_LINUX_BUILD_EVIDENCE', str(root))
        monkeypatch.setenv('CARGO_TARGET_DIR', str(target))
    
        def git(argv, **kwargs):
            if argv == ['git', 'rev-parse', 'HEAD']:
                return ('b' * 40 if fault == 'head-changed' else SHA) + '\n'
            assert argv == ['git', 'status', '--porcelain', '--untracked-files=all']
            return ' M source.rs\n' if fault == 'dirty' else ''
    
        monkeypatch.setattr(subprocess, 'check_output', git)
        recipe = DOC.read_text().split("python3 - <<'PY'\n", 1)[1].split('\nPY\n', 1)[0]
        if fault:
>           with pytest.raises((ValueError, FileExistsError)):
                 ^^^^^^^^^^^^^^^^^^^^^^^^^^^^^^^^^^^^^^^^^^^^
E           Failed: DID NOT RAISE any of (<class 'ValueError'>, <class 'FileExistsError'>)

tests\performance\test_external_build_recipe.py:39: Failed
_______ test_recipe_never_relabels_or_overwrites_build_evidence[dirty] ________

tmp_path = WindowsPath('C:/Users/bajra/AppData/Local/Temp/pytest-of-bajra/pytest-1088/test_recipe_never_relabels_or_2')
monkeypatch = <_pytest.monkeypatch.MonkeyPatch object at 0x0000025D35FFA330>
fault = 'dirty'

    @pytest.mark.parametrize('fault', [None, 'head-changed', 'dirty', 'existing-manifest'])
    def test_recipe_never_relabels_or_overwrites_build_evidence(tmp_path, monkeypatch, fault):
        root, target = tmp_path / 'evidence', tmp_path / 'target'
        (root / 'raw').mkdir(parents=True)
        (target / 'release').mkdir(parents=True)
        (root / 'raw/source-sha.txt').write_text(SHA + '\n')
        for name in ('rustc', 'cargo'):
            (root / 'raw' / (name + '.txt')).write_text('synthetic toolchain')
        for name in ('perf_direct_peer', 'perf_rust_source', 'wp8_interop_server'):
            (target / 'release' / name).write_bytes(name.encode())
        manifest = root / 'build-manifest.json'
        if fault == 'existing-manifest':
            manifest.write_text('retained original')
        monkeypatch.setenv('NBSR_LINUX_BUILD_EVIDENCE', str(root))
        monkeypatch.setenv('CARGO_TARGET_DIR', str(target))
    
        def git(argv, **kwargs):
            if argv == ['git', 'rev-parse', 'HEAD']:
                return ('b' * 40 if fault == 'head-changed' else SHA) + '\n'
            assert argv == ['git', 'status', '--porcelain', '--untracked-files=all']
            return ' M source.rs\n' if fault == 'dirty' else ''
    
        monkeypatch.setattr(subprocess, 'check_output', git)
        recipe = DOC.read_text().split("python3 - <<'PY'\n", 1)[1].split('\nPY\n', 1)[0]
        if fault:
>           with pytest.raises((ValueError, FileExistsError)):
                 ^^^^^^^^^^^^^^^^^^^^^^^^^^^^^^^^^^^^^^^^^^^^
E           Failed: DID NOT RAISE any of (<class 'ValueError'>, <class 'FileExistsError'>)

tests\performance\test_external_build_recipe.py:39: Failed
_ test_recipe_never_relabels_or_overwrites_build_evidence[existing-manifest] __

tmp_path = WindowsPath('C:/Users/bajra/AppData/Local/Temp/pytest-of-bajra/pytest-1088/test_recipe_never_relabels_or_3')
monkeypatch = <_pytest.monkeypatch.MonkeyPatch object at 0x0000025D360D89E0>
fault = 'existing-manifest'

    @pytest.mark.parametrize('fault', [None, 'head-changed', 'dirty', 'existing-manifest'])
    def test_recipe_never_relabels_or_overwrites_build_evidence(tmp_path, monkeypatch, fault):
        root, target = tmp_path / 'evidence', tmp_path / 'target'
        (root / 'raw').mkdir(parents=True)
        (target / 'release').mkdir(parents=True)
        (root / 'raw/source-sha.txt').write_text(SHA + '\n')
        for name in ('rustc', 'cargo'):
            (root / 'raw' / (name + '.txt')).write_text('synthetic toolchain')
        for name in ('perf_direct_peer', 'perf_rust_source', 'wp8_interop_server'):
            (target / 'release' / name).write_bytes(name.encode())
        manifest = root / 'build-manifest.json'
        if fault == 'existing-manifest':
            manifest.write_text('retained original')
        monkeypatch.setenv('NBSR_LINUX_BUILD_EVIDENCE', str(root))
        monkeypatch.setenv('CARGO_TARGET_DIR', str(target))
    
        def git(argv, **kwargs):
            if argv == ['git', 'rev-parse', 'HEAD']:
                return ('b' * 40 if fault == 'head-changed' else SHA) + '\n'
            assert argv == ['git', 'status', '--porcelain', '--untracked-files=all']
            return ' M source.rs\n' if fault == 'dirty' else ''
    
        monkeypatch.setattr(subprocess, 'check_output', git)
        recipe = DOC.read_text().split("python3 - <<'PY'\n", 1)[1].split('\nPY\n', 1)[0]
        if fault:
>           with pytest.raises((ValueError, FileExistsError)):
                 ^^^^^^^^^^^^^^^^^^^^^^^^^^^^^^^^^^^^^^^^^^^^
E           Failed: DID NOT RAISE any of (<class 'ValueError'>, <class 'FileExistsError'>)

tests\performance\test_external_build_recipe.py:39: Failed
=========================== short test summary info ===========================
FAILED tests/performance/test_external_build_recipe.py::test_recipe_never_relabels_or_overwrites_build_evidence[head-changed]
FAILED tests/performance/test_external_build_recipe.py::test_recipe_never_relabels_or_overwrites_build_evidence[dirty]
FAILED tests/performance/test_external_build_recipe.py::test_recipe_never_relabels_or_overwrites_build_evidence[existing-manifest]
3 failed, 1 passed in 1.34s
