FFFFFFFFF                                                                [100%]
================================== FAILURES ===================================
_ test_capture_filter_and_bounds_are_specific_and_do_not_capture_unrelated_hosts _

tmp_path = WindowsPath('C:/Users/bajra/AppData/Local/Temp/pytest-of-bajra/pytest-1100/test_capture_filter_and_bounds0')

    def test_capture_filter_and_bounds_are_specific_and_do_not_capture_unrelated_hosts(tmp_path):
>       value = observer()
                ^^^^^^^^^^

tests\performance\test_linux_native_capture.py:17: 
_ _ _ _ _ _ _ _ _ _ _ _ _ _ _ _ _ _ _ _ _ _ _ _ _ _ _ _ _ _ _ _ _ _ _ _ _ _ _ _

kwargs = {}

    def observer(**kwargs):
>       from scripts.performance.linux_native_capture import NativePacketObserver
E       ModuleNotFoundError: No module named 'scripts.performance.linux_native_capture'

tests\performance\test_linux_native_capture.py:11: ModuleNotFoundError
_____ test_capture_rejects_ambiguous_interface_or_probe_endpoint[kwargs0] _____

kwargs = {'interface': 'any'}

    @pytest.mark.parametrize('kwargs', [dict(interface='any'), dict(interface='lo'), dict(interface='../../eth0'),
                                       dict(probe_port=SERVER[1]), dict(server=('127.0.0.1', 1234))])
    def test_capture_rejects_ambiguous_interface_or_probe_endpoint(kwargs):
        with pytest.raises(ValueError):
>           observer(**kwargs)

tests\performance\test_linux_native_capture.py:33: 
_ _ _ _ _ _ _ _ _ _ _ _ _ _ _ _ _ _ _ _ _ _ _ _ _ _ _ _ _ _ _ _ _ _ _ _ _ _ _ _

kwargs = {'interface': 'any'}

    def observer(**kwargs):
>       from scripts.performance.linux_native_capture import NativePacketObserver
E       ModuleNotFoundError: No module named 'scripts.performance.linux_native_capture'

tests\performance\test_linux_native_capture.py:11: ModuleNotFoundError
_____ test_capture_rejects_ambiguous_interface_or_probe_endpoint[kwargs1] _____

kwargs = {'interface': 'lo'}

    @pytest.mark.parametrize('kwargs', [dict(interface='any'), dict(interface='lo'), dict(interface='../../eth0'),
                                       dict(probe_port=SERVER[1]), dict(server=('127.0.0.1', 1234))])
    def test_capture_rejects_ambiguous_interface_or_probe_endpoint(kwargs):
        with pytest.raises(ValueError):
>           observer(**kwargs)

tests\performance\test_linux_native_capture.py:33: 
_ _ _ _ _ _ _ _ _ _ _ _ _ _ _ _ _ _ _ _ _ _ _ _ _ _ _ _ _ _ _ _ _ _ _ _ _ _ _ _

kwargs = {'interface': 'lo'}

    def observer(**kwargs):
>       from scripts.performance.linux_native_capture import NativePacketObserver
E       ModuleNotFoundError: No module named 'scripts.performance.linux_native_capture'

tests\performance\test_linux_native_capture.py:11: ModuleNotFoundError
_____ test_capture_rejects_ambiguous_interface_or_probe_endpoint[kwargs2] _____

kwargs = {'interface': '../../eth0'}

    @pytest.mark.parametrize('kwargs', [dict(interface='any'), dict(interface='lo'), dict(interface='../../eth0'),
                                       dict(probe_port=SERVER[1]), dict(server=('127.0.0.1', 1234))])
    def test_capture_rejects_ambiguous_interface_or_probe_endpoint(kwargs):
        with pytest.raises(ValueError):
>           observer(**kwargs)

tests\performance\test_linux_native_capture.py:33: 
_ _ _ _ _ _ _ _ _ _ _ _ _ _ _ _ _ _ _ _ _ _ _ _ _ _ _ _ _ _ _ _ _ _ _ _ _ _ _ _

kwargs = {'interface': '../../eth0'}

    def observer(**kwargs):
>       from scripts.performance.linux_native_capture import NativePacketObserver
E       ModuleNotFoundError: No module named 'scripts.performance.linux_native_capture'

tests\performance\test_linux_native_capture.py:11: ModuleNotFoundError
_____ test_capture_rejects_ambiguous_interface_or_probe_endpoint[kwargs3] _____

kwargs = {'probe_port': 42000}

    @pytest.mark.parametrize('kwargs', [dict(interface='any'), dict(interface='lo'), dict(interface='../../eth0'),
                                       dict(probe_port=SERVER[1]), dict(server=('127.0.0.1', 1234))])
    def test_capture_rejects_ambiguous_interface_or_probe_endpoint(kwargs):
        with pytest.raises(ValueError):
>           observer(**kwargs)

tests\performance\test_linux_native_capture.py:33: 
_ _ _ _ _ _ _ _ _ _ _ _ _ _ _ _ _ _ _ _ _ _ _ _ _ _ _ _ _ _ _ _ _ _ _ _ _ _ _ _

kwargs = {'probe_port': 42000}

    def observer(**kwargs):
>       from scripts.performance.linux_native_capture import NativePacketObserver
E       ModuleNotFoundError: No module named 'scripts.performance.linux_native_capture'

tests\performance\test_linux_native_capture.py:11: ModuleNotFoundError
_____ test_capture_rejects_ambiguous_interface_or_probe_endpoint[kwargs4] _____

kwargs = {'server': ('127.0.0.1', 1234)}

    @pytest.mark.parametrize('kwargs', [dict(interface='any'), dict(interface='lo'), dict(interface='../../eth0'),
                                       dict(probe_port=SERVER[1]), dict(server=('127.0.0.1', 1234))])
    def test_capture_rejects_ambiguous_interface_or_probe_endpoint(kwargs):
        with pytest.raises(ValueError):
>           observer(**kwargs)

tests\performance\test_linux_native_capture.py:33: 
_ _ _ _ _ _ _ _ _ _ _ _ _ _ _ _ _ _ _ _ _ _ _ _ _ _ _ _ _ _ _ _ _ _ _ _ _ _ _ _

kwargs = {'server': ('127.0.0.1', 1234)}

    def observer(**kwargs):
>       from scripts.performance.linux_native_capture import NativePacketObserver
E       ModuleNotFoundError: No module named 'scripts.performance.linux_native_capture'

tests\performance\test_linux_native_capture.py:11: ModuleNotFoundError
_ test_native_accounting_requires_unique_workload_flow_and_resets_valid_on_failure _

tmp_path = WindowsPath('C:/Users/bajra/AppData/Local/Temp/pytest-of-bajra/pytest-1100/test_native_accounting_require0')

    def test_native_accounting_requires_unique_workload_flow_and_resets_valid_on_failure(tmp_path):
>       value = observer()
                ^^^^^^^^^^

tests\performance\test_linux_native_capture.py:37: 
_ _ _ _ _ _ _ _ _ _ _ _ _ _ _ _ _ _ _ _ _ _ _ _ _ _ _ _ _ _ _ _ _ _ _ _ _ _ _ _

kwargs = {}

    def observer(**kwargs):
>       from scripts.performance.linux_native_capture import NativePacketObserver
E       ModuleNotFoundError: No module named 'scripts.performance.linux_native_capture'

tests\performance\test_linux_native_capture.py:11: ModuleNotFoundError
____________ test_exited_capture_cannot_generate_a_terminal_marker ____________

tmp_path = WindowsPath('C:/Users/bajra/AppData/Local/Temp/pytest-of-bajra/pytest-1100/test_exited_capture_cannot_gen0')

    def test_exited_capture_cannot_generate_a_terminal_marker(tmp_path):
>       value = observer()
                ^^^^^^^^^^

tests\performance\test_linux_native_capture.py:53: 
_ _ _ _ _ _ _ _ _ _ _ _ _ _ _ _ _ _ _ _ _ _ _ _ _ _ _ _ _ _ _ _ _ _ _ _ _ _ _ _

kwargs = {}

    def observer(**kwargs):
>       from scripts.performance.linux_native_capture import NativePacketObserver
E       ModuleNotFoundError: No module named 'scripts.performance.linux_native_capture'

tests\performance\test_linux_native_capture.py:11: ModuleNotFoundError
_______ test_stop_file_requires_exact_fresh_token_and_bounded_identity ________

tmp_path = WindowsPath('C:/Users/bajra/AppData/Local/Temp/pytest-of-bajra/pytest-1100/test_stop_file_requires_exact_0')

    def test_stop_file_requires_exact_fresh_token_and_bounded_identity(tmp_path):
>       from scripts.performance.linux_native_capture import stop_requested
E       ModuleNotFoundError: No module named 'scripts.performance.linux_native_capture'

tests\performance\test_linux_native_capture.py:60: ModuleNotFoundError
=========================== short test summary info ===========================
FAILED tests/performance/test_linux_native_capture.py::test_capture_filter_and_bounds_are_specific_and_do_not_capture_unrelated_hosts
FAILED tests/performance/test_linux_native_capture.py::test_capture_rejects_ambiguous_interface_or_probe_endpoint[kwargs0]
FAILED tests/performance/test_linux_native_capture.py::test_capture_rejects_ambiguous_interface_or_probe_endpoint[kwargs1]
FAILED tests/performance/test_linux_native_capture.py::test_capture_rejects_ambiguous_interface_or_probe_endpoint[kwargs2]
FAILED tests/performance/test_linux_native_capture.py::test_capture_rejects_ambiguous_interface_or_probe_endpoint[kwargs3]
FAILED tests/performance/test_linux_native_capture.py::test_capture_rejects_ambiguous_interface_or_probe_endpoint[kwargs4]
FAILED tests/performance/test_linux_native_capture.py::test_native_accounting_requires_unique_workload_flow_and_resets_valid_on_failure
FAILED tests/performance/test_linux_native_capture.py::test_exited_capture_cannot_generate_a_terminal_marker
FAILED tests/performance/test_linux_native_capture.py::test_stop_file_requires_exact_fresh_token_and_bounded_identity
9 failed in 0.71s
