F                                                                        [100%]
================================== FAILURES ===================================
_________ test_live_bundle_progression_preserves_idle_workload_bound __________

    def test_live_bundle_progression_preserves_idle_workload_bound():
>       assert v2.spec_for('live-bundles', 2048, 1)['sessions'] == 2048
               ^^^^^^^^^^^^^^^^^^^^^^^^^^^^^^^^^^^^

tests\performance\test_b3_keep_alive.py:19: 
_ _ _ _ _ _ _ _ _ _ _ _ _ _ _ _ _ _ _ _ _ _ _ _ _ _ _ _ _ _ _ _ _ _ _ _ _ _ _ _

axis = 'live-bundles', count = 2048, repeat = 1

    def spec_for(axis, count, repeat, *, materialized_streams=False, fixed_channels=8):
        if type(fixed_channels) is not int or not 1 <= fixed_channels <= 32:
            raise ValueError("fixed channels must fit the existing 1..32 authority bound")
        if axis != "streams" and fixed_channels != 8:
            raise ValueError("fixed channel override applies only to the streams axis")
        spec = dict(name=f"{axis}-{count}-r{repeat}", kind=axis, active_count=count,
                    sessions=1, channels=1, streams=1, cycles=1, start_rate=100)
        if axis in ("bundles", "live-bundles"):
            if not 1 <= count <= 1024:
>               raise ValueError("logical client bound is 1024")
E               ValueError: logical client bound is 1024

scripts\run_b3_v2.py:56: ValueError
=========================== short test summary info ===========================
FAILED tests/performance/test_b3_keep_alive.py::test_live_bundle_progression_preserves_idle_workload_bound
1 failed, 5 deselected in 1.60s
