
thread 'main' (31532) panicked at src\bin\perf_rust_source.rs:458:18:
called `Result::unwrap()` on an `Err` value: ControlStreamFailed
note: run with `RUST_BACKTRACE=1` environment variable to display a backtrace

thread 'main' (31532) panicked at src\bin\perf_rust_source.rs:494:90:
called `Result::unwrap()` on an `Err` value: ApplicationStreamRejected

thread 'main' (31532) panicked at src\bin\perf_rust_source.rs:596:59:
called `Result::unwrap()` on an `Err` value: JoinError::Panic(Id(1098), "called `Result::unwrap()` on an `Err` value: ApplicationStreamRejected", ...)

thread 'main' (31532) panicked at src\bin\perf_rust_source.rs:423:14:
called `Result::unwrap()` on an `Err` value: ControlStreamFailed

thread 'main' (31532) panicked at src\bin\perf_rust_source.rs:494:90:
called `Result::unwrap()` on an `Err` value: ApplicationStreamRejected

thread 'main' (31532) panicked at src\bin\perf_rust_source.rs:596:59:
called `Result::unwrap()` on an `Err` value: JoinError::Panic(Id(1089), "called `Result::unwrap()` on an `Err` value: ApplicationStreamRejected", ...)

thread 'main' (31532) panicked at src\bin\perf_rust_source.rs:494:90:
called `Result::unwrap()` on an `Err` value: ApplicationStreamRejected

thread 'main' (31532) panicked at src\bin\perf_rust_source.rs:596:59:
called `Result::unwrap()` on an `Err` value: JoinError::Panic(Id(1102), "called `Result::unwrap()` on an `Err` value: ApplicationStreamRejected", ...)

thread 'main' (31532) panicked at src\bin\perf_rust_source.rs:494:90:
called `Result::unwrap()` on an `Err` value: ApplicationStreamRejected

thread 'main' (31532) panicked at src\bin\perf_rust_source.rs:596:59:
called `Result::unwrap()` on an `Err` value: JoinError::Panic(Id(1104), "called `Result::unwrap()` on an `Err` value: ApplicationStreamRejected", ...)

thread 'main' (31532) panicked at src\bin\perf_rust_source.rs:494:90:
called `Result::unwrap()` on an `Err` value: ApplicationStreamRejected

thread 'main' (31532) panicked at src\bin\perf_rust_source.rs:596:59:
called `Result::unwrap()` on an `Err` value: JoinError::Panic(Id(1105), "called `Result::unwrap()` on an `Err` value: ApplicationStreamRejected", ...)

thread 'main' (31532) panicked at src\bin\perf_rust_source.rs:494:90:
called `Result::unwrap()` on an `Err` value: ApplicationStreamRejected

thread 'main' (31532) panicked at src\bin\perf_rust_source.rs:596:59:
called `Result::unwrap()` on an `Err` value: JoinError::Panic(Id(1061), "called `Result::unwrap()` on an `Err` value: ApplicationStreamRejected", ...)

thread 'main' (31532) panicked at src\bin\perf_rust_source.rs:458:18:
called `Result::unwrap()` on an `Err` value: ControlStreamFailed

thread 'main' (31532) panicked at src\bin\perf_rust_source.rs:494:90:
called `Result::unwrap()` on an `Err` value: ApplicationStreamRejected

thread 'main' (31532) panicked at src\bin\perf_rust_source.rs:596:59:
called `Result::unwrap()` on an `Err` value: JoinError::Panic(Id(1064), "called `Result::unwrap()` on an `Err` value: ApplicationStreamRejected", ...)

thread 'main' (31532) panicked at src\bin\perf_rust_source.rs:458:18:
called `Result::unwrap()` on an `Err` value: ControlStreamFailed

thread 'main' (31532) panicked at src\bin\perf_rust_source.rs:494:90:
called `Result::unwrap()` on an `Err` value: ApplicationStreamRejected

thread 'main' (31532) panicked at src\bin\perf_rust_source.rs:494:90:
called `Result::unwrap()` on an `Err` value: ApplicationStreamRejected

thread 'main' (31532) panicked at src\bin\perf_rust_source.rs:596:59:
called `Result::unwrap()` on an `Err` value: JoinError::Panic(Id(1086), "called `Result::unwrap()` on an `Err` value: ApplicationStreamRejected", ...)

thread 'main' (31532) panicked at src\bin\perf_rust_source.rs:596:59:
called `Result::unwrap()` on an `Err` value: JoinError::Panic(Id(1068), "called `Result::unwrap()` on an `Err` value: ApplicationStreamRejected", ...)

thread 'main' (31532) panicked at src\bin\perf_rust_source.rs:480:26:
called `Result::unwrap()` on an `Err` value: ControlStreamFailed

thread 'main' (31532) panicked at src\bin\perf_rust_source.rs:480:26:
called `Result::unwrap()` on an `Err` value: ControlStreamFailed

thread 'main' (31532) panicked at src\bin\perf_rust_source.rs:494:90:
called `Result::unwrap()` on an `Err` value: ApplicationStreamRejected

thread 'main' (31532) panicked at src\bin\perf_rust_source.rs:596:59:
called `Result::unwrap()` on an `Err` value: JoinError::Panic(Id(1074), "called `Result::unwrap()` on an `Err` value: ApplicationStreamRejected", ...)

thread 'main' (31532) panicked at src\bin\perf_rust_source.rs:494:90:
called `Result::unwrap()` on an `Err` value: ApplicationStreamRejected

thread 'main' (31532) panicked at src\bin\perf_rust_source.rs:596:59:
called `Result::unwrap()` on an `Err` value: JoinError::Panic(Id(1099), "called `Result::unwrap()` on an `Err` value: ApplicationStreamRejected", ...)

thread 'main' (31532) panicked at src\bin\perf_rust_source.rs:480:26:
called `Result::unwrap()` on an `Err` value: ControlStreamFailed

thread 'main' (31532) panicked at src\bin\perf_rust_source.rs:458:18:
called `Result::unwrap()` on an `Err` value: ControlStreamFailed

thread 'main' (31532) panicked at src\bin\perf_rust_source.rs:480:26:
called `Result::unwrap()` on an `Err` value: ControlStreamFailed

thread 'main' (31532) panicked at src\bin\perf_rust_source.rs:458:18:
called `Result::unwrap()` on an `Err` value: ControlStreamFailed

thread 'main' (31532) panicked at src\bin\perf_rust_source.rs:494:90:
called `Result::unwrap()` on an `Err` value: ApplicationStreamRejected

thread 'main' (31532) panicked at src\bin\perf_rust_source.rs:596:59:
called `Result::unwrap()` on an `Err` value: JoinError::Panic(Id(1106), "called `Result::unwrap()` on an `Err` value: ApplicationStreamRejected", ...)

thread 'main' (31532) panicked at src\bin\perf_rust_source.rs:494:90:
called `Result::unwrap()` on an `Err` value: ApplicationStreamRejected

thread 'main' (31532) panicked at src\bin\perf_rust_source.rs:596:59:
called `Result::unwrap()` on an `Err` value: JoinError::Panic(Id(1107), "called `Result::unwrap()` on an `Err` value: ApplicationStreamRejected", ...)

thread 'main' (31532) panicked at src\bin\perf_rust_source.rs:458:18:
called `Result::unwrap()` on an `Err` value: ControlStreamFailed

thread 'main' (31532) panicked at src\bin\perf_rust_source.rs:458:18:
called `Result::unwrap()` on an `Err` value: ControlStreamFailed

thread 'main' (31532) panicked at src\bin\perf_rust_source.rs:458:18:
called `Result::unwrap()` on an `Err` value: ControlStreamFailed

thread 'main' (31532) panicked at src\bin\perf_rust_source.rs:458:18:
called `Result::unwrap()` on an `Err` value: ControlStreamFailed

thread 'main' (31532) panicked at src\bin\perf_rust_source.rs:480:26:
called `Result::unwrap()` on an `Err` value: ControlStreamFailed

thread 'main' (31532) panicked at src\bin\perf_rust_source.rs:458:18:
called `Result::unwrap()` on an `Err` value: ControlStreamFailed

thread 'main' (31532) panicked at src\bin\perf_rust_source.rs:494:90:
called `Result::unwrap()` on an `Err` value: ApplicationStreamRejected

thread 'main' (31532) panicked at src\bin\perf_rust_source.rs:423:14:
called `Result::unwrap()` on an `Err` value: ControlStreamFailed

thread 'main' (31532) panicked at src\bin\perf_rust_source.rs:596:59:
called `Result::unwrap()` on an `Err` value: JoinError::Panic(Id(1116), "called `Result::unwrap()` on an `Err` value: ApplicationStreamRejected", ...)

thread 'main' (31532) panicked at src\bin\perf_rust_source.rs:423:14:
called `Result::unwrap()` on an `Err` value: ControlStreamFailed

thread 'main' (31532) panicked at src\bin\perf_rust_source.rs:480:26:
called `Result::unwrap()` on an `Err` value: ControlStreamFailed

thread 'main' (31532) panicked at src\bin\perf_rust_source.rs:480:26:
called `Result::unwrap()` on an `Err` value: ControlStreamFailed

thread 'main' (31532) panicked at src\bin\perf_rust_source.rs:480:26:
called `Result::unwrap()` on an `Err` value: ControlStreamFailed

thread 'main' (31532) panicked at src\bin\perf_rust_source.rs:480:26:
called `Result::unwrap()` on an `Err` value: ControlStreamFailed

thread 'main' (31532) panicked at src\bin\perf_rust_source.rs:423:14:
called `Result::unwrap()` on an `Err` value: ControlStreamFailed

thread 'main' (31532) panicked at src\bin\perf_rust_source.rs:423:14:
called `Result::unwrap()` on an `Err` value: ControlStreamFailed

thread 'main' (31532) panicked at src\bin\perf_rust_source.rs:423:14:
called `Result::unwrap()` on an `Err` value: ControlStreamFailed

thread 'main' (31532) panicked at src\bin\perf_rust_source.rs:423:14:
called `Result::unwrap()` on an `Err` value: ControlStreamFailed

thread 'main' (31532) panicked at src\bin\perf_rust_source.rs:494:90:
called `Result::unwrap()` on an `Err` value: ApplicationStreamRejected

thread 'main' (31532) panicked at src\bin\perf_rust_source.rs:596:59:
called `Result::unwrap()` on an `Err` value: JoinError::Panic(Id(1100), "called `Result::unwrap()` on an `Err` value: ApplicationStreamRejected", ...)

thread 'main' (31532) panicked at src\bin\perf_rust_source.rs:494:90:
called `Result::unwrap()` on an `Err` value: ApplicationStreamRejected

thread 'main' (31532) panicked at src\bin\perf_rust_source.rs:596:59:
called `Result::unwrap()` on an `Err` value: JoinError::Panic(Id(1101), "called `Result::unwrap()` on an `Err` value: ApplicationStreamRejected", ...)

thread 'main' (31532) panicked at src\bin\perf_rust_source.rs:494:90:
called `Result::unwrap()` on an `Err` value: ApplicationStreamRejected

thread 'main' (31532) panicked at src\bin\perf_rust_source.rs:596:59:
called `Result::unwrap()` on an `Err` value: JoinError::Panic(Id(1059), "called `Result::unwrap()` on an `Err` value: ApplicationStreamRejected", ...)

thread 'main' (31532) panicked at src\bin\perf_rust_source.rs:423:14:
called `Result::unwrap()` on an `Err` value: ControlStreamFailed

thread 'main' (31532) panicked at src\bin\perf_rust_source.rs:423:14:
called `Result::unwrap()` on an `Err` value: ControlStreamFailed

thread 'main' (31532) panicked at src\bin\perf_rust_source.rs:458:18:
called `Result::unwrap()` on an `Err` value: ControlStreamFailed

thread 'main' (31532) panicked at src\bin\perf_rust_source.rs:458:18:
called `Result::unwrap()` on an `Err` value: ControlStreamFailed

thread 'main' (31532) panicked at src\bin\perf_rust_source.rs:458:18:
called `Result::unwrap()` on an `Err` value: ControlStreamFailed

thread 'main' (31532) panicked at src\bin\perf_rust_source.rs:458:18:
called `Result::unwrap()` on an `Err` value: ControlStreamFailed

thread 'main' (31532) panicked at src\bin\perf_rust_source.rs:458:18:
called `Result::unwrap()` on an `Err` value: ControlStreamFailed

thread 'main' (31532) panicked at src\bin\perf_rust_source.rs:458:18:
called `Result::unwrap()` on an `Err` value: ControlStreamFailed

thread 'main' (31532) panicked at src\bin\perf_rust_source.rs:458:18:
called `Result::unwrap()` on an `Err` value: ControlStreamFailed

thread 'main' (31532) panicked at src\bin\perf_rust_source.rs:458:18:
called `Result::unwrap()` on an `Err` value: ControlStreamFailed

thread 'main' (31532) panicked at src\bin\perf_rust_source.rs:458:18:
called `Result::unwrap()` on an `Err` value: ControlStreamFailed

thread 'main' (31532) panicked at src\bin\perf_rust_source.rs:458:18:
called `Result::unwrap()` on an `Err` value: ControlStreamFailed

thread 'main' (31532) panicked at src\bin\perf_rust_source.rs:423:14:
called `Result::unwrap()` on an `Err` value: ControlStreamFailed

thread 'main' (31532) panicked at src\bin\perf_rust_source.rs:458:18:
called `Result::unwrap()` on an `Err` value: ControlStreamFailed
